// Jest Snapshot v1, https://goo.gl/fbAQLP

exports[`Carousel Item Component Match Snapshot 1`] = `
<h3>
  No encontrado
</h3>
`;
